// Jest Snapshot v1, https://goo.gl/fbAQLP

exports[`Button should render a loading indicator and disable the button when loading is true 1`] = `
<div>
  <button
    class="MuiButtonBase-root MuiButton-root MuiButton-text Mui-disabled Mui-disabled"
    disabled=""
    tabindex="-1"
    type="button"
  >
    <span
      class="MuiButton-label"
    >
      <div
        class="MuiCircularProgress-root MuiCircularProgress-colorPrimary MuiCircularProgress-indeterminate"
        role="progressbar"
        style="width: 25px; height: 25px;"
      >
        <svg
          class="MuiCircularProgress-svg"
          viewBox="22 22 44 44"
        >
          <circle
            class="MuiCircularProgress-circle MuiCircularProgress-circleIndeterminate"
            cx="44"
            cy="44"
            fill="none"
            r="20.2"
            stroke-width="3.6"
          />
        </svg>
      </div>
    </span>
  </button>
</div>
`;

exports[`Button should render the button 1`] = `
<div>
  <button
    class="MuiButtonBase-root MuiButton-root MuiButton-text"
    tabindex="0"
    type="button"
  >
    <span
      class="MuiButton-label"
    >
      Click me
    </span>
  </button>
</div>
`;
